------------------------------------------------------------------
Req  1.2.1: Users shall be able to identify a column in a VOTable
            by the 'id', 'name' or 'ucd' attribute of a <FIELD> or
            by column number.
------------------------------------------------------------------

------  Identify RA,DEC col by 'id' string  ------


Logical Path:  data$usno-b.xml
RA,DEC are cols: 2 and 3

HTTP URI:  http://iraf.noao.edu/votest//usno-b.xml
RA,DEC are cols: 2 and 3

File URI:  file:///iraf/iraf/vo/votest/data//usno-b.xml
RA,DEC are cols: 2 and 3

File URI:  file:///localhost/iraf/iraf/vo/votest/data//usno-b.xml
RA,DEC are cols: 2 and 3

------  Identify RA,DEC col by 'name' string  ------


Logical Path:  data$usno-b.xml
RA,DEC are cols: 2 and 3

HTTP URI:  http://iraf.noao.edu/votest//usno-b.xml
RA,DEC are cols: 2 and 3

File URI:  file:///iraf/iraf/vo/votest/data//usno-b.xml
RA,DEC are cols: 2 and 3

File URI:  file:///localhost/iraf/iraf/vo/votest/data//usno-b.xml
RA,DEC are cols: 2 and 3

------  Identify RA,DEC col by 'ucd' string  ------


Logical Path:  data$usno-b.xml
RA,DEC are cols: 2 and 3

HTTP URI:  http://iraf.noao.edu/votest//usno-b.xml
RA,DEC are cols: 2 and 3

File URI:  file:///iraf/iraf/vo/votest/data//usno-b.xml
RA,DEC are cols: 2 and 3

File URI:  file:///localhost/iraf/iraf/vo/votest/data//usno-b.xml
RA,DEC are cols: 2 and 3
