------------------------------------------------------------------
Req  3.3:  Users shall be able to refer to a VO Resource (in tasks
           requiring a Resource parameter) in multiple ways:
------------------------------------------------------------------
This requirement is demonstrated by the sub-tests.

