------------------------------------------------------------------
Req  4.4:  Users shall be able to save the results of a query in a
	   tabular format other than VOTable.
------------------------------------------------------------------
http://gsss.stsci.edu/webservices/vo/ConeSearch.aspx?CAT=GSC23&amp;&RA=210.802267&DEC=54.34895&SR=0.005&RUNID=iraf2160
# hstID ra dec GSC1ID raEpsilon decEpsilon epoch FpgMag JpgMag NMag UMag BMag VMag RMag IMag JMag HMag KMag FpgMagCode JpgMagCode NMagCode UMagCode BMagCode VMagCode RMagCode IMagCode JMagCode HMagCode KMagCode FpgMagErr JpgMagErr NMagErr UMagErr BMagErr VMagErr RMagErr IMagErr JMagErr HMagErr KMagErr class sourceStatus semiMajorAxis positionangle eccentricity variableFlag multipleFlag distance
"2MJG3R5L   " 210.802221 54.3489  0.11 0.06 1999.12458244546 99.99 99.99 99.99 99.99 99.99 99.99 99.99 99.99 13.082 12.484 11.822 99 99 99 99 99 99 99 99 47 48 49 99.99 99.99 99.99 99.99 99.99 99.99 99.99 99.99 0.08 0.109 0.053 4 77777700 0 0 0 0 0 0.0034040835215751
"2MJG3R5M   " 210.805734 54.348801  0.18 0.15 1999.12458244546 99.99 99.99 99.99 99.99 99.99 99.99 99.99 99.99 15.137 12.939 12.666 99 99 99 99 99 99 99 99 47 48 49 99.99 99.99 99.99 99.99 99.99 99.99 99.99 99.99 0.156 -999 -999 4 77777700 0 0 0 0 0 0.121573246297684
# hstID ra dec GSC1ID raEpsilon decEpsilon epoch FpgMag JpgMag NMag UMag BMag VMag RMag IMag JMag HMag KMag FpgMagCode JpgMagCode NMagCode UMagCode BMagCode VMagCode RMagCode IMagCode JMagCode HMagCode KMagCode FpgMagErr JpgMagErr NMagErr UMagErr BMagErr VMagErr RMagErr IMagErr JMagErr HMagErr KMagErr class sourceStatus semiMajorAxis positionangle eccentricity variableFlag multipleFlag distance
"2MJG3R5L   " 210.802221 54.3489  0.11 0.06 1999.12458244546 99.99 99.99 99.99 99.99 99.99 99.99 99.99 99.99 13.082 12.484 11.822 99 99 99 99 99 99 99 99 47 48 49 99.99 99.99 99.99 99.99 99.99 99.99 99.99 99.99 0.08 0.109 0.053 4 77777700 0 0 0 0 0 0.0034040835215751
"2MJG3R5M   " 210.805734 54.348801  0.18 0.15 1999.12458244546 99.99 99.99 99.99 99.99 99.99 99.99 99.99 99.99 15.137 12.939 12.666 99 99 99 99 99 99 99 99 47 48 49 99.99 99.99 99.99 99.99 99.99 99.99 99.99 99.99 0.156 -999 -999 4 77777700 0 0 0 0 0 0.121573246297684
# hstID|ra|dec|GSC1ID|raEpsilon|decEpsilon|epoch|FpgMag|JpgMag|NMag|UMag|BMag|VMag|RMag|IMag|JMag|HMag|KMag|FpgMagCode|JpgMagCode|NMagCode|UMagCode|BMagCode|VMagCode|RMagCode|IMagCode|JMagCode|HMagCode|KMagCode|FpgMagErr|JpgMagErr|NMagErr|UMagErr|BMagErr|VMagErr|RMagErr|IMagErr|JMagErr|HMagErr|KMagErr|class|sourceStatus|semiMajorAxis|positionangle|eccentricity|variableFlag|multipleFlag|distance
2MJG3R5L   |210.802221|54.3489||0.11|0.06|1999.12458244546|99.99|99.99|99.99|99.99|99.99|99.99|99.99|99.99|13.082|12.484|11.822|99|99|99|99|99|99|99|99|47|48|49|99.99|99.99|99.99|99.99|99.99|99.99|99.99|99.99|0.08|0.109|0.053|4|77777700|0|0|0|0|0|0.0034040835215751
2MJG3R5M   |210.805734|54.348801||0.18|0.15|1999.12458244546|99.99|99.99|99.99|99.99|99.99|99.99|99.99|99.99|15.137|12.939|12.666|99|99|99|99|99|99|99|99|47|48|49|99.99|99.99|99.99|99.99|99.99|99.99|99.99|99.99|0.156|-999|-999|4|77777700|0|0|0|0|0|0.121573246297684
# hstID,ra,dec,GSC1ID,raEpsilon,decEpsilon,epoch,FpgMag,JpgMag,NMag,UMag,BMag,VMag,RMag,IMag,JMag,HMag,KMag,FpgMagCode,JpgMagCode,NMagCode,UMagCode,BMagCode,VMagCode,RMagCode,IMagCode,JMagCode,HMagCode,KMagCode,FpgMagErr,JpgMagErr,NMagErr,UMagErr,BMagErr,VMagErr,RMagErr,IMagErr,JMagErr,HMagErr,KMagErr,class,sourceStatus,semiMajorAxis,positionangle,eccentricity,variableFlag,multipleFlag,distance
2MJG3R5L   ,210.802221,54.3489,,0.11,0.06,1999.12458244546,99.99,99.99,99.99,99.99,99.99,99.99,99.99,99.99,13.082,12.484,11.822,99,99,99,99,99,99,99,99,47,48,49,99.99,99.99,99.99,99.99,99.99,99.99,99.99,99.99,0.08,0.109,0.053,4,77777700,0,0,0,0,0,0.0034040835215751
2MJG3R5M   ,210.805734,54.348801,,0.18,0.15,1999.12458244546,99.99,99.99,99.99,99.99,99.99,99.99,99.99,99.99,15.137,12.939,12.666,99,99,99,99,99,99,99,99,47,48,49,99.99,99.99,99.99,99.99,99.99,99.99,99.99,99.99,0.156,-999,-999,4,77777700,0,0,0,0,0,0.121573246297684
# hstID	ra	dec	GSC1ID	raEpsilon	decEpsilon	epoch	FpgMag	JpgMag	NMag	UMag	BMag	VMag	RMag	IMag	JMag	HMag	KMag	FpgMagCode	JpgMagCode	NMagCode	UMagCode	BMagCode	VMagCode	RMagCode	IMagCode	JMagCode	HMagCode	KMagCode	FpgMagErr	JpgMagErr	NMagErr	UMagErr	BMagErr	VMagErr	RMagErr	IMagErr	JMagErr	HMagErr	KMagErr	class	sourceStatus	semiMajorAxis	positionangle	eccentricity	variableFlag	multipleFlag	distance
2MJG3R5L   	210.802221	54.3489		0.11	0.06	1999.12458244546	99.99	99.99	99.99	99.99	99.99	99.99	99.99	99.99	13.082	12.484	11.822	99	99	99	99	99	99	99	99	47	48	49	99.99	99.99	99.99	99.99	99.99	99.99	99.99	99.99	0.08	0.109	0.053	4	77777700	0	0	0	0	0	0.0034040835215751
2MJG3R5M   	210.805734	54.348801		0.18	0.15	1999.12458244546	99.99	99.99	99.99	99.99	99.99	99.99	99.99	99.99	15.137	12.939	12.666	99	99	99	99	99	99	99	99	47	48	49	99.99	99.99	99.99	99.99	99.99	99.99	99.99	99.99	0.156	-999	-999	4	77777700	0	0	0	0	0	0.121573246297684
<!DOCTYPE HTML PUBLIC "-//W3C//DTD HTML 4.01 Transitional//EN">
<html><head><title>File: http://gsss.stsci.edu/webservices/vo/ConeSearch.aspx?CAT=GSC23&amp;&RA=210.802267&DEC=54.34895&SR=0.005&RUNID=iraf2160</title></head><body>
<table border='0' width='90%'><tbody><tr><td><b>FILE NAME</b>:</td><td colspan='3'>http://gsss.stsci.edu/webservices/vo/ConeSearch.aspx?CAT=GSC23&amp;&RA=210.802267&DEC=54.34895&SR=0.005&RUNID=iraf2160</td></tr><tr><td><b>RESOURCE</b>:</td><td colspan='3'> name='GSC23'</td></tr>
<tr><td valign='top'><b>DESCRIPTION:</b></td><td colspan='3'></td></tr><tr><td>&nbsp;</td><td colspan='3'/></tr>
<tr><td><b>INFO</b></td><td>QUERY_STATUS</td><td>OK</td><td/></tr><tr><td>&nbsp;</td><td colspan='3'/></tr>
</tr></tbody></table>
<table border='1'>
<thead><tr style="background:#eec">
<th>hstID</th><th>ra</th><th>dec</th><th>GSC1ID</th><th>raEpsilon</th><th>decEpsilon</th><th>epoch</th><th>FpgMag</th><th>JpgMag</th><th>NMag</th><th>UMag</th><th>BMag</th><th>VMag</th><th>RMag</th><th>IMag</th><th>JMag</th><th>HMag</th><th>KMag</th><th>FpgMagCode</th><th>JpgMagCode</th><th>NMagCode</th><th>UMagCode</th><th>BMagCode</th><th>VMagCode</th><th>RMagCode</th><th>IMagCode</th><th>JMagCode</th><th>HMagCode</th><th>KMagCode</th><th>FpgMagErr</th><th>JpgMagErr</th><th>NMagErr</th><th>UMagErr</th><th>BMagErr</th><th>VMagErr</th><th>RMagErr</th><th>IMagErr</th><th>JMagErr</th><th>HMagErr</th><th>KMagErr</th><th>class</th><th>sourceStatus</th><th>semiMajorAxis</th><th>positionangle</th><th>eccentricity</th><th>variableFlag</th><th>multipleFlag</th><th>distance</th></tr></thead>
<tbody>
 <tr style="background:#ccc">
  <td>2MJG3R5L   </td>
  <td>210.802221</td>
  <td>54.3489</td>
  <td></td>
  <td>0.11</td>
  <td>0.06</td>
  <td>1999.12458244546</td>
  <td>99.99</td>
  <td>99.99</td>
  <td>99.99</td>
  <td>99.99</td>
  <td>99.99</td>
  <td>99.99</td>
  <td>99.99</td>
  <td>99.99</td>
  <td>13.082</td>
  <td>12.484</td>
  <td>11.822</td>
  <td>99</td>
  <td>99</td>
  <td>99</td>
  <td>99</td>
  <td>99</td>
  <td>99</td>
  <td>99</td>
  <td>99</td>
  <td>47</td>
  <td>48</td>
  <td>49</td>
  <td>99.99</td>
  <td>99.99</td>
  <td>99.99</td>
  <td>99.99</td>
  <td>99.99</td>
  <td>99.99</td>
  <td>99.99</td>
  <td>99.99</td>
  <td>0.08</td>
  <td>0.109</td>
  <td>0.053</td>
  <td>4</td>
  <td>77777700</td>
  <td>0</td>
  <td>0</td>
  <td>0</td>
  <td>0</td>
  <td>0</td>
  <td>0.0034040835215751</td>
 </tr>
 <tr style="background:#eee">
  <td>2MJG3R5M   </td>
  <td>210.805734</td>
  <td>54.348801</td>
  <td></td>
  <td>0.18</td>
  <td>0.15</td>
  <td>1999.12458244546</td>
  <td>99.99</td>
  <td>99.99</td>
  <td>99.99</td>
  <td>99.99</td>
  <td>99.99</td>
  <td>99.99</td>
  <td>99.99</td>
  <td>99.99</td>
  <td>15.137</td>
  <td>12.939</td>
  <td>12.666</td>
  <td>99</td>
  <td>99</td>
  <td>99</td>
  <td>99</td>
  <td>99</td>
  <td>99</td>
  <td>99</td>
  <td>99</td>
  <td>47</td>
  <td>48</td>
  <td>49</td>
  <td>99.99</td>
  <td>99.99</td>
  <td>99.99</td>
  <td>99.99</td>
  <td>99.99</td>
  <td>99.99</td>
  <td>99.99</td>
  <td>99.99</td>
  <td>0.156</td>
  <td>-999</td>
  <td>-999</td>
  <td>4</td>
  <td>77777700</td>
  <td>0</td>
  <td>0</td>
  <td>0</td>
  <td>0</td>
  <td>0</td>
  <td>0.121573246297684</td>
 </tr>
</tbody>
</table>
</body>
</html>
<table border='1'>
<tcaption>File: http://gsss.stsci.edu/webservices/vo/ConeSearch.aspx?CAT=GSC23&amp;&RA=210.802267&DEC=54.34895&SR=0.005&RUNID=iraf2160</tcaption>
<thead><tr style="background:#eec">
<th>hstID</th><th>ra</th><th>dec</th><th>GSC1ID</th><th>raEpsilon</th><th>decEpsilon</th><th>epoch</th><th>FpgMag</th><th>JpgMag</th><th>NMag</th><th>UMag</th><th>BMag</th><th>VMag</th><th>RMag</th><th>IMag</th><th>JMag</th><th>HMag</th><th>KMag</th><th>FpgMagCode</th><th>JpgMagCode</th><th>NMagCode</th><th>UMagCode</th><th>BMagCode</th><th>VMagCode</th><th>RMagCode</th><th>IMagCode</th><th>JMagCode</th><th>HMagCode</th><th>KMagCode</th><th>FpgMagErr</th><th>JpgMagErr</th><th>NMagErr</th><th>UMagErr</th><th>BMagErr</th><th>VMagErr</th><th>RMagErr</th><th>IMagErr</th><th>JMagErr</th><th>HMagErr</th><th>KMagErr</th><th>class</th><th>sourceStatus</th><th>semiMajorAxis</th><th>positionangle</th><th>eccentricity</th><th>variableFlag</th><th>multipleFlag</th><th>distance</th></tr></thead>
<tbody>
 <tr style="background:#ccc">
  <td>2MJG3R5L   </td>
  <td>210.802221</td>
  <td>54.3489</td>
  <td></td>
  <td>0.11</td>
  <td>0.06</td>
  <td>1999.12458244546</td>
  <td>99.99</td>
  <td>99.99</td>
  <td>99.99</td>
  <td>99.99</td>
  <td>99.99</td>
  <td>99.99</td>
  <td>99.99</td>
  <td>99.99</td>
  <td>13.082</td>
  <td>12.484</td>
  <td>11.822</td>
  <td>99</td>
  <td>99</td>
  <td>99</td>
  <td>99</td>
  <td>99</td>
  <td>99</td>
  <td>99</td>
  <td>99</td>
  <td>47</td>
  <td>48</td>
  <td>49</td>
  <td>99.99</td>
  <td>99.99</td>
  <td>99.99</td>
  <td>99.99</td>
  <td>99.99</td>
  <td>99.99</td>
  <td>99.99</td>
  <td>99.99</td>
  <td>0.08</td>
  <td>0.109</td>
  <td>0.053</td>
  <td>4</td>
  <td>77777700</td>
  <td>0</td>
  <td>0</td>
  <td>0</td>
  <td>0</td>
  <td>0</td>
  <td>0.0034040835215751</td>
 </tr>
 <tr style="background:#eee">
  <td>2MJG3R5M   </td>
  <td>210.805734</td>
  <td>54.348801</td>
  <td></td>
  <td>0.18</td>
  <td>0.15</td>
  <td>1999.12458244546</td>
  <td>99.99</td>
  <td>99.99</td>
  <td>99.99</td>
  <td>99.99</td>
  <td>99.99</td>
  <td>99.99</td>
  <td>99.99</td>
  <td>99.99</td>
  <td>15.137</td>
  <td>12.939</td>
  <td>12.666</td>
  <td>99</td>
  <td>99</td>
  <td>99</td>
  <td>99</td>
  <td>99</td>
  <td>99</td>
  <td>99</td>
  <td>99</td>
  <td>47</td>
  <td>48</td>
  <td>49</td>
  <td>99.99</td>
  <td>99.99</td>
  <td>99.99</td>
  <td>99.99</td>
  <td>99.99</td>
  <td>99.99</td>
  <td>99.99</td>
  <td>99.99</td>
  <td>0.156</td>
  <td>-999</td>
  <td>-999</td>
  <td>4</td>
  <td>77777700</td>
  <td>0</td>
  <td>0</td>
  <td>0</td>
  <td>0</td>
  <td>0</td>
  <td>0.121573246297684</td>
 </tr>
</tbody>
</table>
<?xml version="1.0" encoding="UTF-8"?><VOTABLE version="1.2" xmlns:xsi="http://www.w3.org/2001/XMLSchema-instance" xsi:schemaLocation="http://www.ivoa.net/xml/VOTable/v1.1  http://www.ivoa.net/xml/VOTable/v1.1" xmlns="http://www.ivoa.net/xml/VOTable/v1.1"><RESOURCE name="GSC23"><TABLE><DESCRIPTION>
Objects found : 2 , GSC23, ConeSearch: RA=210.802267 DEC=54.34895 SR=0.005,OK</DESCRIPTION><FIELD utype="caom:gsc2.catalogEntity.id" ucd="meta.id;meta.main" ID="hstID" name="hstID" datatype="char" arraysize="*"><DESCRIPTION>GSC2 Public ID</DESCRIPTION></FIELD><FIELD utype="caom:gsc2.catalogEntity.ra" unit="degree" ucd="pos.eq.ra;meta.main" ID="ra" name="ra" datatype="double" arraysize="*"><DESCRIPTION>Right Ascension (ICRS)</DESCRIPTION></FIELD><FIELD utype="caom:gsc2.catalogEntity.dec" unit="degree" ucd="pos.eq.dec;meta.main" ID="dec" name="dec" datatype="double" arraysize="*"><DESCRIPTION>Declination (ICRS)</DESCRIPTION></FIELD><FIELD ucd="meta.id.cross" ID="GSC1ID" name="GSC1ID" datatype="char" arraysize="*"><DESCRIPTION>GSC1 ID</DESCRIPTION></FIELD><FIELD unit="arcsec" ucd="stat.error;pos.eq.ra" ID="raEpsilon" name="raEpsilon" datatype="float" arraysize="*"><DESCRIPTION>RA error</DESCRIPTION></FIELD><FIELD unit="arcsec" ucd="stat.error;pos.eq.dec" ID="decEpsilon" name="decEpsilon" datatype="float" arraysize="*"><DESCRIPTION>Dec error</DESCRIPTION></FIELD><FIELD unit="year" ucd="time.epoch;obs" ID="epoch" name="epoch" datatype="float" arraysize="*"><DESCRIPTION>Epoch of coordinate</DESCRIPTION></FIELD><FIELD utype="caom:gsc2.catalogEntity.mag" unit="mag" ucd="phot.mag;em.opt.R" ID="FpgMag" name="FpgMag" datatype="float" arraysize="*"><DESCRIPTION>Photographic Red magnitude</DESCRIPTION></FIELD><FIELD utype="caom:gsc2.catalogEntity.mag" unit="mag" ucd="phot.mag;em.opt.B" ID="JpgMag" name="JpgMag" datatype="float" arraysize="*"><DESCRIPTION>Photographic Blue magnitude</DESCRIPTION></FIELD><FIELD utype="caom:gsc2.catalogEntity.mag" unit="mag" ucd="phot.mag;em.opt.I" ID="NpgMag" name="NMag" datatype="float" arraysize="*"><DESCRIPTION>Photographic Near-IR magnitude</DESCRIPTION></FIELD><FIELD unit="mag" ucd="phot.mag;em.opt.U" ID="UMag" name="UMag" datatype="float" arraysize="*"><DESCRIPTION>U band magnitude</DESCRIPTION></FIELD><FIELD unit="mag" ucd="phot.mag;em.opt.B" ID="BMag" name="BMag" datatype="float" arraysize="*"><DESCRIPTION>B band magnitude</DESCRIPTION></FIELD><FIELD unit="mag" ucd="phot.mag;em.opt.V" ID="VMag" name="VMag" datatype="float" arraysize="*"><DESCRIPTION>V band magnitude</DESCRIPTION></FIELD><FIELD unit="mag" ucd="phot.mag;em.opt.R" ID="RMag" name="RMag" datatype="float" arraysize="*"><DESCRIPTION>R band magnitude</DESCRIPTION></FIELD><FIELD unit="mag" ucd="phot.mag;em.opt.I" ID="IMag" name="IMag" datatype="float" arraysize="*"><DESCRIPTION>I band magnitude</DESCRIPTION></FIELD><FIELD unit="mag" ucd="phot.mag;em.IR.J" ID="JMag" name="JMag" datatype="float" arraysize="*"><DESCRIPTION>2MASS J band magnitude</DESCRIPTION></FIELD><FIELD unit="mag" ucd="phot.mag;em.IR.H" ID="HMag" name="HMag" datatype="float" arraysize="*"><DESCRIPTION>2MASS H band magnitude</DESCRIPTION></FIELD><FIELD unit="mag" ucd="phot.mag;em.IR.K" ID="KMag" name="KMag" datatype="float" arraysize="*"><DESCRIPTION>2MASS K band magnitude</DESCRIPTION></FIELD><FIELD ucd="meta.code" ID="FpgMagCode" name="FpgMagCode" datatype="int" arraysize="*"><DESCRIPTION>Photographic Red bandpass code</DESCRIPTION></FIELD><FIELD ucd="meta.code" ID="JpgMagCode" name="JpgMagCode" datatype="int" arraysize="*"><DESCRIPTION>Photographic Blue bandpass code</DESCRIPTION></FIELD><FIELD ucd="meta.code" ID="NpgMagCode" name="NMagCode" datatype="int" arraysize="*"><DESCRIPTION>Photographic Near-IR bandpass code</DESCRIPTION></FIELD><FIELD ucd="meta.code" ID="UMagCode" name="UMagCode" datatype="int" arraysize="*"><DESCRIPTION>U band bandpass code</DESCRIPTION></FIELD><FIELD ucd="meta.code" ID="BMagCode" name="BMagCode" datatype="int" arraysize="*"><DESCRIPTION>B band bandpass code</DESCRIPTION></FIELD><FIELD ucd="meta.code" ID="VMagCode" name="VMagCode" datatype="int" arraysize="*"><DESCRIPTION>V band bandpass code</DESCRIPTION></FIELD><FIELD ucd="meta.code" ID="RMagCode" name="RMagCode" datatype="int" arraysize="*"><DESCRIPTION>R band bandpass code</DESCRIPTION></FIELD><FIELD ucd="meta.code" ID="IMagCode" name="IMagCode" datatype="int" arraysize="*"><DESCRIPTION>I band bandpass code</DESCRIPTION></FIELD><FIELD ucd="meta.code" ID="JMagCode" name="JMagCode" datatype="int" arraysize="*"><DESCRIPTION>2MASS J band bandpass code</DESCRIPTION></FIELD><FIELD ucd="meta.code" ID="HMagCode" name="HMagCode" datatype="int" arraysize="*"><DESCRIPTION>2MASS H band bandpass code</DESCRIPTION></FIELD><FIELD ucd="meta.code" ID="KMagCode" name="KMagCode" datatype="int" arraysize="*"><DESCRIPTION>2MASS K band bandpass code</DESCRIPTION></FIELD><FIELD unit="mag" ucd="stat.error;phot.mag;em.opt.R" ID="FpgMagErr" name="FpgMagErr" datatype="float" arraysize="*"><DESCRIPTION>Photographic Red magnitude error</DESCRIPTION></FIELD><FIELD unit="mag" ucd="stat.error;phot.mag;em.opt.B" ID="JpgMagErr" name="JpgMagErr" datatype="float" arraysize="*"><DESCRIPTION>Photographic Blue magnitude error</DESCRIPTION></FIELD><FIELD unit="mag" ucd="stat.error;phot.mag;em.opt.I" ID="NpgMagErr" name="NMagErr" datatype="float" arraysize="*"><DESCRIPTION>Photographic Near-IR magnitude error</DESCRIPTION></FIELD><FIELD unit="mag" ucd="stat.error;phot.mag;em.opt.U" ID="UMagErr" name="UMagErr" datatype="float" arraysize="*"><DESCRIPTION>U band magnitude error</DESCRIPTION></FIELD><FIELD unit="mag" ucd="stat.error;phot.mag;em.opt.B" ID="BMagErr" name="BMagErr" datatype="float" arraysize="*"><DESCRIPTION>B band magnitude error</DESCRIPTION></FIELD><FIELD unit="mag" ucd="stat.error;phot.mag;em.opt.V" ID="VMagErr" name="VMagErr" datatype="float" arraysize="*"><DESCRIPTION>V band magnitude error</DESCRIPTION></FIELD><FIELD unit="mag" ucd="stat.error;phot.mag;em.opt.R" ID="RMagErr" name="RMagErr" datatype="float" arraysize="*"><DESCRIPTION>R band magnitude error</DESCRIPTION></FIELD><FIELD unit="mag" ucd="stat.error;phot.mag;em.opt.I" ID="IMagErr" name="IMagErr" datatype="float" arraysize="*"><DESCRIPTION>I band magnitude error</DESCRIPTION></FIELD><FIELD unit="mag" ucd="stat.error;phot.mag;em.IR.J" ID="JMagErr" name="JMagErr" datatype="float" arraysize="*"><DESCRIPTION>2MASS J band magnitude error</DESCRIPTION></FIELD><FIELD unit="mag" ucd="stat.error;phot.mag;em.IR.H" ID="HMagErr" name="HMagErr" datatype="float" arraysize="*"><DESCRIPTION>2MASS H band magnitude error</DESCRIPTION></FIELD><FIELD unit="mag" ucd="stat.error;phot.mag;em.IR.K" ID="KMagErr" name="KMagErr" datatype="float" arraysize="*"><DESCRIPTION>2MASS K band magnitude error</DESCRIPTION></FIELD><FIELD utype="caom.gsc2.catalogEntity.class" ucd="meta.code.class" ID="class" name="class" datatype="int" arraysize="*"><DESCRIPTION>Object classification code</DESCRIPTION></FIELD><FIELD ucd="meta.code.status" ID="sourceStatus" name="sourceStatus" datatype="long" arraysize="*"><DESCRIPTION>Object status codes</DESCRIPTION></FIELD><FIELD unit="pixels" ucd="phys.angSize.smajAxis" ID="semiMajorAxis" name="semiMajorAxis" datatype="float" arraysize="*"><DESCRIPTION>SemiMajor diameter of object</DESCRIPTION></FIELD><FIELD unit="degree" ucd="pos.posAng" ID="positionangle" name="positionangle" datatype="float" arraysize="*"><DESCRIPTION>Position Angle (North thru East)</DESCRIPTION></FIELD><FIELD ucd="phys.size.axisRatio" ID="eccentricity" name="eccentricity" datatype="float" arraysize="*"><DESCRIPTION>Eccentricity of object</DESCRIPTION></FIELD><FIELD ucd="meta.code.status" ID="variableFlag" name="variableFlag" datatype="char" arraysize="*"><DESCRIPTION>Flag for known variable</DESCRIPTION></FIELD><FIELD ucd="meta.code.class" ID="multipleFlag" name="multipleFlag" datatype="char" arraysize="*"><DESCRIPTION>Flag for known multiple</DESCRIPTION></FIELD><FIELD unit="arcsec" ucd="pos.angDistance" ID="distance" name="distance" datatype="float" arraysize="*"><DESCRIPTION>Distance of Object</DESCRIPTION></FIELD><DATA><TABLEDATA><TR><TD>2MJG3R5L   </TD><TD>210.802221</TD><TD>54.3489</TD><TD></TD><TD>0.11</TD><TD>0.06</TD><TD>1999.12458244546</TD><TD>99.99</TD><TD>99.99</TD><TD>99.99</TD><TD>99.99</TD><TD>99.99</TD><TD>99.99</TD><TD>99.99</TD><TD>99.99</TD><TD>13.082</TD><TD>12.484</TD><TD>11.822</TD><TD>99</TD><TD>99</TD><TD>99</TD><TD>99</TD><TD>99</TD><TD>99</TD><TD>99</TD><TD>99</TD><TD>47</TD><TD>48</TD><TD>49</TD><TD>99.99</TD><TD>99.99</TD><TD>99.99</TD><TD>99.99</TD><TD>99.99</TD><TD>99.99</TD><TD>99.99</TD><TD>99.99</TD><TD>0.08</TD><TD>0.109</TD><TD>0.053</TD><TD>4</TD><TD>77777700</TD><TD>0</TD><TD>0</TD><TD>0</TD><TD>0</TD><TD>0</TD><TD>0.0034040835215751</TD></TR><TR><TD>2MJG3R5M   </TD><TD>210.805734</TD><TD>54.348801</TD><TD></TD><TD>0.18</TD><TD>0.15</TD><TD>1999.12458244546</TD><TD>99.99</TD><TD>99.99</TD><TD>99.99</TD><TD>99.99</TD><TD>99.99</TD><TD>99.99</TD><TD>99.99</TD><TD>99.99</TD><TD>15.137</TD><TD>12.939</TD><TD>12.666</TD><TD>99</TD><TD>99</TD><TD>99</TD><TD>99</TD><TD>99</TD><TD>99</TD><TD>99</TD><TD>99</TD><TD>47</TD><TD>48</TD><TD>49</TD><TD>99.99</TD><TD>99.99</TD><TD>99.99</TD><TD>99.99</TD><TD>99.99</TD><TD>99.99</TD><TD>99.99</TD><TD>99.99</TD><TD>0.156</TD><TD>-999</TD><TD>-999</TD><TD>4</TD><TD>77777700</TD><TD>0</TD><TD>0</TD><TD>0</TD><TD>0</TD><TD>0</TD><TD>0.121573246297684</TD></TR></TABLEDATA></DATA></TABLE><INFO value="OK" name="QUERY_STATUS"></INFO></RESOURCE></VOTABLE>
<?xml version="1.0" encoding="UTF-8"?><VOTABLE version="1.2" xmlns:xsi="http://www.w3.org/2001/XMLSchema-instance" xsi:schemaLocation="http://www.ivoa.net/xml/VOTable/v1.1  http://www.ivoa.net/xml/VOTable/v1.1" xmlns="http://www.ivoa.net/xml/VOTable/v1.1"><RESOURCE name="GSC23"><TABLE><DESCRIPTION>
Objects found : 2 , GSC23, ConeSearch: RA=210.802267 DEC=54.34895 SR=0.005,OK</DESCRIPTION><FIELD utype="caom:gsc2.catalogEntity.id" ucd="meta.id;meta.main" ID="hstID" name="hstID" datatype="char" arraysize="*"><DESCRIPTION>GSC2 Public ID</DESCRIPTION></FIELD><FIELD utype="caom:gsc2.catalogEntity.ra" unit="degree" ucd="pos.eq.ra;meta.main" ID="ra" name="ra" datatype="double" arraysize="*"><DESCRIPTION>Right Ascension (ICRS)</DESCRIPTION></FIELD><FIELD utype="caom:gsc2.catalogEntity.dec" unit="degree" ucd="pos.eq.dec;meta.main" ID="dec" name="dec" datatype="double" arraysize="*"><DESCRIPTION>Declination (ICRS)</DESCRIPTION></FIELD><FIELD ucd="meta.id.cross" ID="GSC1ID" name="GSC1ID" datatype="char" arraysize="*"><DESCRIPTION>GSC1 ID</DESCRIPTION></FIELD><FIELD unit="arcsec" ucd="stat.error;pos.eq.ra" ID="raEpsilon" name="raEpsilon" datatype="float" arraysize="*"><DESCRIPTION>RA error</DESCRIPTION></FIELD><FIELD unit="arcsec" ucd="stat.error;pos.eq.dec" ID="decEpsilon" name="decEpsilon" datatype="float" arraysize="*"><DESCRIPTION>Dec error</DESCRIPTION></FIELD><FIELD unit="year" ucd="time.epoch;obs" ID="epoch" name="epoch" datatype="float" arraysize="*"><DESCRIPTION>Epoch of coordinate</DESCRIPTION></FIELD><FIELD utype="caom:gsc2.catalogEntity.mag" unit="mag" ucd="phot.mag;em.opt.R" ID="FpgMag" name="FpgMag" datatype="float" arraysize="*"><DESCRIPTION>Photographic Red magnitude</DESCRIPTION></FIELD><FIELD utype="caom:gsc2.catalogEntity.mag" unit="mag" ucd="phot.mag;em.opt.B" ID="JpgMag" name="JpgMag" datatype="float" arraysize="*"><DESCRIPTION>Photographic Blue magnitude</DESCRIPTION></FIELD><FIELD utype="caom:gsc2.catalogEntity.mag" unit="mag" ucd="phot.mag;em.opt.I" ID="NpgMag" name="NMag" datatype="float" arraysize="*"><DESCRIPTION>Photographic Near-IR magnitude</DESCRIPTION></FIELD><FIELD unit="mag" ucd="phot.mag;em.opt.U" ID="UMag" name="UMag" datatype="float" arraysize="*"><DESCRIPTION>U band magnitude</DESCRIPTION></FIELD><FIELD unit="mag" ucd="phot.mag;em.opt.B" ID="BMag" name="BMag" datatype="float" arraysize="*"><DESCRIPTION>B band magnitude</DESCRIPTION></FIELD><FIELD unit="mag" ucd="phot.mag;em.opt.V" ID="VMag" name="VMag" datatype="float" arraysize="*"><DESCRIPTION>V band magnitude</DESCRIPTION></FIELD><FIELD unit="mag" ucd="phot.mag;em.opt.R" ID="RMag" name="RMag" datatype="float" arraysize="*"><DESCRIPTION>R band magnitude</DESCRIPTION></FIELD><FIELD unit="mag" ucd="phot.mag;em.opt.I" ID="IMag" name="IMag" datatype="float" arraysize="*"><DESCRIPTION>I band magnitude</DESCRIPTION></FIELD><FIELD unit="mag" ucd="phot.mag;em.IR.J" ID="JMag" name="JMag" datatype="float" arraysize="*"><DESCRIPTION>2MASS J band magnitude</DESCRIPTION></FIELD><FIELD unit="mag" ucd="phot.mag;em.IR.H" ID="HMag" name="HMag" datatype="float" arraysize="*"><DESCRIPTION>2MASS H band magnitude</DESCRIPTION></FIELD><FIELD unit="mag" ucd="phot.mag;em.IR.K" ID="KMag" name="KMag" datatype="float" arraysize="*"><DESCRIPTION>2MASS K band magnitude</DESCRIPTION></FIELD><FIELD ucd="meta.code" ID="FpgMagCode" name="FpgMagCode" datatype="int" arraysize="*"><DESCRIPTION>Photographic Red bandpass code</DESCRIPTION></FIELD><FIELD ucd="meta.code" ID="JpgMagCode" name="JpgMagCode" datatype="int" arraysize="*"><DESCRIPTION>Photographic Blue bandpass code</DESCRIPTION></FIELD><FIELD ucd="meta.code" ID="NpgMagCode" name="NMagCode" datatype="int" arraysize="*"><DESCRIPTION>Photographic Near-IR bandpass code</DESCRIPTION></FIELD><FIELD ucd="meta.code" ID="UMagCode" name="UMagCode" datatype="int" arraysize="*"><DESCRIPTION>U band bandpass code</DESCRIPTION></FIELD><FIELD ucd="meta.code" ID="BMagCode" name="BMagCode" datatype="int" arraysize="*"><DESCRIPTION>B band bandpass code</DESCRIPTION></FIELD><FIELD ucd="meta.code" ID="VMagCode" name="VMagCode" datatype="int" arraysize="*"><DESCRIPTION>V band bandpass code</DESCRIPTION></FIELD><FIELD ucd="meta.code" ID="RMagCode" name="RMagCode" datatype="int" arraysize="*"><DESCRIPTION>R band bandpass code</DESCRIPTION></FIELD><FIELD ucd="meta.code" ID="IMagCode" name="IMagCode" datatype="int" arraysize="*"><DESCRIPTION>I band bandpass code</DESCRIPTION></FIELD><FIELD ucd="meta.code" ID="JMagCode" name="JMagCode" datatype="int" arraysize="*"><DESCRIPTION>2MASS J band bandpass code</DESCRIPTION></FIELD><FIELD ucd="meta.code" ID="HMagCode" name="HMagCode" datatype="int" arraysize="*"><DESCRIPTION>2MASS H band bandpass code</DESCRIPTION></FIELD><FIELD ucd="meta.code" ID="KMagCode" name="KMagCode" datatype="int" arraysize="*"><DESCRIPTION>2MASS K band bandpass code</DESCRIPTION></FIELD><FIELD unit="mag" ucd="stat.error;phot.mag;em.opt.R" ID="FpgMagErr" name="FpgMagErr" datatype="float" arraysize="*"><DESCRIPTION>Photographic Red magnitude error</DESCRIPTION></FIELD><FIELD unit="mag" ucd="stat.error;phot.mag;em.opt.B" ID="JpgMagErr" name="JpgMagErr" datatype="float" arraysize="*"><DESCRIPTION>Photographic Blue magnitude error</DESCRIPTION></FIELD><FIELD unit="mag" ucd="stat.error;phot.mag;em.opt.I" ID="NpgMagErr" name="NMagErr" datatype="float" arraysize="*"><DESCRIPTION>Photographic Near-IR magnitude error</DESCRIPTION></FIELD><FIELD unit="mag" ucd="stat.error;phot.mag;em.opt.U" ID="UMagErr" name="UMagErr" datatype="float" arraysize="*"><DESCRIPTION>U band magnitude error</DESCRIPTION></FIELD><FIELD unit="mag" ucd="stat.error;phot.mag;em.opt.B" ID="BMagErr" name="BMagErr" datatype="float" arraysize="*"><DESCRIPTION>B band magnitude error</DESCRIPTION></FIELD><FIELD unit="mag" ucd="stat.error;phot.mag;em.opt.V" ID="VMagErr" name="VMagErr" datatype="float" arraysize="*"><DESCRIPTION>V band magnitude error</DESCRIPTION></FIELD><FIELD unit="mag" ucd="stat.error;phot.mag;em.opt.R" ID="RMagErr" name="RMagErr" datatype="float" arraysize="*"><DESCRIPTION>R band magnitude error</DESCRIPTION></FIELD><FIELD unit="mag" ucd="stat.error;phot.mag;em.opt.I" ID="IMagErr" name="IMagErr" datatype="float" arraysize="*"><DESCRIPTION>I band magnitude error</DESCRIPTION></FIELD><FIELD unit="mag" ucd="stat.error;phot.mag;em.IR.J" ID="JMagErr" name="JMagErr" datatype="float" arraysize="*"><DESCRIPTION>2MASS J band magnitude error</DESCRIPTION></FIELD><FIELD unit="mag" ucd="stat.error;phot.mag;em.IR.H" ID="HMagErr" name="HMagErr" datatype="float" arraysize="*"><DESCRIPTION>2MASS H band magnitude error</DESCRIPTION></FIELD><FIELD unit="mag" ucd="stat.error;phot.mag;em.IR.K" ID="KMagErr" name="KMagErr" datatype="float" arraysize="*"><DESCRIPTION>2MASS K band magnitude error</DESCRIPTION></FIELD><FIELD utype="caom.gsc2.catalogEntity.class" ucd="meta.code.class" ID="class" name="class" datatype="int" arraysize="*"><DESCRIPTION>Object classification code</DESCRIPTION></FIELD><FIELD ucd="meta.code.status" ID="sourceStatus" name="sourceStatus" datatype="long" arraysize="*"><DESCRIPTION>Object status codes</DESCRIPTION></FIELD><FIELD unit="pixels" ucd="phys.angSize.smajAxis" ID="semiMajorAxis" name="semiMajorAxis" datatype="float" arraysize="*"><DESCRIPTION>SemiMajor diameter of object</DESCRIPTION></FIELD><FIELD unit="degree" ucd="pos.posAng" ID="positionangle" name="positionangle" datatype="float" arraysize="*"><DESCRIPTION>Position Angle (North thru East)</DESCRIPTION></FIELD><FIELD ucd="phys.size.axisRatio" ID="eccentricity" name="eccentricity" datatype="float" arraysize="*"><DESCRIPTION>Eccentricity of object</DESCRIPTION></FIELD><FIELD ucd="meta.code.status" ID="variableFlag" name="variableFlag" datatype="char" arraysize="*"><DESCRIPTION>Flag for known variable</DESCRIPTION></FIELD><FIELD ucd="meta.code.class" ID="multipleFlag" name="multipleFlag" datatype="char" arraysize="*"><DESCRIPTION>Flag for known multiple</DESCRIPTION></FIELD><FIELD unit="arcsec" ucd="pos.angDistance" ID="distance" name="distance" datatype="float" arraysize="*"><DESCRIPTION>Distance of Object</DESCRIPTION></FIELD><DATA><TABLEDATA><TR><TD>2MJG3R5L   </TD><TD>210.802221</TD><TD>54.3489</TD><TD></TD><TD>0.11</TD><TD>0.06</TD><TD>1999.12458244546</TD><TD>99.99</TD><TD>99.99</TD><TD>99.99</TD><TD>99.99</TD><TD>99.99</TD><TD>99.99</TD><TD>99.99</TD><TD>99.99</TD><TD>13.082</TD><TD>12.484</TD><TD>11.822</TD><TD>99</TD><TD>99</TD><TD>99</TD><TD>99</TD><TD>99</TD><TD>99</TD><TD>99</TD><TD>99</TD><TD>47</TD><TD>48</TD><TD>49</TD><TD>99.99</TD><TD>99.99</TD><TD>99.99</TD><TD>99.99</TD><TD>99.99</TD><TD>99.99</TD><TD>99.99</TD><TD>99.99</TD><TD>0.08</TD><TD>0.109</TD><TD>0.053</TD><TD>4</TD><TD>77777700</TD><TD>0</TD><TD>0</TD><TD>0</TD><TD>0</TD><TD>0</TD><TD>0.0034040835215751</TD></TR><TR><TD>2MJG3R5M   </TD><TD>210.805734</TD><TD>54.348801</TD><TD></TD><TD>0.18</TD><TD>0.15</TD><TD>1999.12458244546</TD><TD>99.99</TD><TD>99.99</TD><TD>99.99</TD><TD>99.99</TD><TD>99.99</TD><TD>99.99</TD><TD>99.99</TD><TD>99.99</TD><TD>15.137</TD><TD>12.939</TD><TD>12.666</TD><TD>99</TD><TD>99</TD><TD>99</TD><TD>99</TD><TD>99</TD><TD>99</TD><TD>99</TD><TD>99</TD><TD>47</TD><TD>48</TD><TD>49</TD><TD>99.99</TD><TD>99.99</TD><TD>99.99</TD><TD>99.99</TD><TD>99.99</TD><TD>99.99</TD><TD>99.99</TD><TD>99.99</TD><TD>0.156</TD><TD>-999</TD><TD>-999</TD><TD>4</TD><TD>77777700</TD><TD>0</TD><TD>0</TD><TD>0</TD><TD>0</TD><TD>0</TD><TD>0.121573246297684</TD></TR></TABLEDATA></DATA></TABLE><INFO value="OK" name="QUERY_STATUS"></INFO></RESOURCE></VOTABLE>
<?xml version="1.0" encoding="UTF-8"?><VOTABLE version="1.2" xmlns:xsi="http://www.w3.org/2001/XMLSchema-instance" xsi:schemaLocation="http://www.ivoa.net/xml/VOTable/v1.1  http://www.ivoa.net/xml/VOTable/v1.1" xmlns="http://www.ivoa.net/xml/VOTable/v1.1"><RESOURCE name="GSC23"><TABLE><DESCRIPTION>
Objects found : 2 , GSC23, ConeSearch: RA=210.802267 DEC=54.34895 SR=0.005,OK</DESCRIPTION><FIELD utype="caom:gsc2.catalogEntity.id" ucd="meta.id;meta.main" ID="hstID" name="hstID" datatype="char" arraysize="*"><DESCRIPTION>GSC2 Public ID</DESCRIPTION></FIELD><FIELD utype="caom:gsc2.catalogEntity.ra" unit="degree" ucd="pos.eq.ra;meta.main" ID="ra" name="ra" datatype="double" arraysize="*"><DESCRIPTION>Right Ascension (ICRS)</DESCRIPTION></FIELD><FIELD utype="caom:gsc2.catalogEntity.dec" unit="degree" ucd="pos.eq.dec;meta.main" ID="dec" name="dec" datatype="double" arraysize="*"><DESCRIPTION>Declination (ICRS)</DESCRIPTION></FIELD><FIELD ucd="meta.id.cross" ID="GSC1ID" name="GSC1ID" datatype="char" arraysize="*"><DESCRIPTION>GSC1 ID</DESCRIPTION></FIELD><FIELD unit="arcsec" ucd="stat.error;pos.eq.ra" ID="raEpsilon" name="raEpsilon" datatype="float" arraysize="*"><DESCRIPTION>RA error</DESCRIPTION></FIELD><FIELD unit="arcsec" ucd="stat.error;pos.eq.dec" ID="decEpsilon" name="decEpsilon" datatype="float" arraysize="*"><DESCRIPTION>Dec error</DESCRIPTION></FIELD><FIELD unit="year" ucd="time.epoch;obs" ID="epoch" name="epoch" datatype="float" arraysize="*"><DESCRIPTION>Epoch of coordinate</DESCRIPTION></FIELD><FIELD utype="caom:gsc2.catalogEntity.mag" unit="mag" ucd="phot.mag;em.opt.R" ID="FpgMag" name="FpgMag" datatype="float" arraysize="*"><DESCRIPTION>Photographic Red magnitude</DESCRIPTION></FIELD><FIELD utype="caom:gsc2.catalogEntity.mag" unit="mag" ucd="phot.mag;em.opt.B" ID="JpgMag" name="JpgMag" datatype="float" arraysize="*"><DESCRIPTION>Photographic Blue magnitude</DESCRIPTION></FIELD><FIELD utype="caom:gsc2.catalogEntity.mag" unit="mag" ucd="phot.mag;em.opt.I" ID="NpgMag" name="NMag" datatype="float" arraysize="*"><DESCRIPTION>Photographic Near-IR magnitude</DESCRIPTION></FIELD><FIELD unit="mag" ucd="phot.mag;em.opt.U" ID="UMag" name="UMag" datatype="float" arraysize="*"><DESCRIPTION>U band magnitude</DESCRIPTION></FIELD><FIELD unit="mag" ucd="phot.mag;em.opt.B" ID="BMag" name="BMag" datatype="float" arraysize="*"><DESCRIPTION>B band magnitude</DESCRIPTION></FIELD><FIELD unit="mag" ucd="phot.mag;em.opt.V" ID="VMag" name="VMag" datatype="float" arraysize="*"><DESCRIPTION>V band magnitude</DESCRIPTION></FIELD><FIELD unit="mag" ucd="phot.mag;em.opt.R" ID="RMag" name="RMag" datatype="float" arraysize="*"><DESCRIPTION>R band magnitude</DESCRIPTION></FIELD><FIELD unit="mag" ucd="phot.mag;em.opt.I" ID="IMag" name="IMag" datatype="float" arraysize="*"><DESCRIPTION>I band magnitude</DESCRIPTION></FIELD><FIELD unit="mag" ucd="phot.mag;em.IR.J" ID="JMag" name="JMag" datatype="float" arraysize="*"><DESCRIPTION>2MASS J band magnitude</DESCRIPTION></FIELD><FIELD unit="mag" ucd="phot.mag;em.IR.H" ID="HMag" name="HMag" datatype="float" arraysize="*"><DESCRIPTION>2MASS H band magnitude</DESCRIPTION></FIELD><FIELD unit="mag" ucd="phot.mag;em.IR.K" ID="KMag" name="KMag" datatype="float" arraysize="*"><DESCRIPTION>2MASS K band magnitude</DESCRIPTION></FIELD><FIELD ucd="meta.code" ID="FpgMagCode" name="FpgMagCode" datatype="int" arraysize="*"><DESCRIPTION>Photographic Red bandpass code</DESCRIPTION></FIELD><FIELD ucd="meta.code" ID="JpgMagCode" name="JpgMagCode" datatype="int" arraysize="*"><DESCRIPTION>Photographic Blue bandpass code</DESCRIPTION></FIELD><FIELD ucd="meta.code" ID="NpgMagCode" name="NMagCode" datatype="int" arraysize="*"><DESCRIPTION>Photographic Near-IR bandpass code</DESCRIPTION></FIELD><FIELD ucd="meta.code" ID="UMagCode" name="UMagCode" datatype="int" arraysize="*"><DESCRIPTION>U band bandpass code</DESCRIPTION></FIELD><FIELD ucd="meta.code" ID="BMagCode" name="BMagCode" datatype="int" arraysize="*"><DESCRIPTION>B band bandpass code</DESCRIPTION></FIELD><FIELD ucd="meta.code" ID="VMagCode" name="VMagCode" datatype="int" arraysize="*"><DESCRIPTION>V band bandpass code</DESCRIPTION></FIELD><FIELD ucd="meta.code" ID="RMagCode" name="RMagCode" datatype="int" arraysize="*"><DESCRIPTION>R band bandpass code</DESCRIPTION></FIELD><FIELD ucd="meta.code" ID="IMagCode" name="IMagCode" datatype="int" arraysize="*"><DESCRIPTION>I band bandpass code</DESCRIPTION></FIELD><FIELD ucd="meta.code" ID="JMagCode" name="JMagCode" datatype="int" arraysize="*"><DESCRIPTION>2MASS J band bandpass code</DESCRIPTION></FIELD><FIELD ucd="meta.code" ID="HMagCode" name="HMagCode" datatype="int" arraysize="*"><DESCRIPTION>2MASS H band bandpass code</DESCRIPTION></FIELD><FIELD ucd="meta.code" ID="KMagCode" name="KMagCode" datatype="int" arraysize="*"><DESCRIPTION>2MASS K band bandpass code</DESCRIPTION></FIELD><FIELD unit="mag" ucd="stat.error;phot.mag;em.opt.R" ID="FpgMagErr" name="FpgMagErr" datatype="float" arraysize="*"><DESCRIPTION>Photographic Red magnitude error</DESCRIPTION></FIELD><FIELD unit="mag" ucd="stat.error;phot.mag;em.opt.B" ID="JpgMagErr" name="JpgMagErr" datatype="float" arraysize="*"><DESCRIPTION>Photographic Blue magnitude error</DESCRIPTION></FIELD><FIELD unit="mag" ucd="stat.error;phot.mag;em.opt.I" ID="NpgMagErr" name="NMagErr" datatype="float" arraysize="*"><DESCRIPTION>Photographic Near-IR magnitude error</DESCRIPTION></FIELD><FIELD unit="mag" ucd="stat.error;phot.mag;em.opt.U" ID="UMagErr" name="UMagErr" datatype="float" arraysize="*"><DESCRIPTION>U band magnitude error</DESCRIPTION></FIELD><FIELD unit="mag" ucd="stat.error;phot.mag;em.opt.B" ID="BMagErr" name="BMagErr" datatype="float" arraysize="*"><DESCRIPTION>B band magnitude error</DESCRIPTION></FIELD><FIELD unit="mag" ucd="stat.error;phot.mag;em.opt.V" ID="VMagErr" name="VMagErr" datatype="float" arraysize="*"><DESCRIPTION>V band magnitude error</DESCRIPTION></FIELD><FIELD unit="mag" ucd="stat.error;phot.mag;em.opt.R" ID="RMagErr" name="RMagErr" datatype="float" arraysize="*"><DESCRIPTION>R band magnitude error</DESCRIPTION></FIELD><FIELD unit="mag" ucd="stat.error;phot.mag;em.opt.I" ID="IMagErr" name="IMagErr" datatype="float" arraysize="*"><DESCRIPTION>I band magnitude error</DESCRIPTION></FIELD><FIELD unit="mag" ucd="stat.error;phot.mag;em.IR.J" ID="JMagErr" name="JMagErr" datatype="float" arraysize="*"><DESCRIPTION>2MASS J band magnitude error</DESCRIPTION></FIELD><FIELD unit="mag" ucd="stat.error;phot.mag;em.IR.H" ID="HMagErr" name="HMagErr" datatype="float" arraysize="*"><DESCRIPTION>2MASS H band magnitude error</DESCRIPTION></FIELD><FIELD unit="mag" ucd="stat.error;phot.mag;em.IR.K" ID="KMagErr" name="KMagErr" datatype="float" arraysize="*"><DESCRIPTION>2MASS K band magnitude error</DESCRIPTION></FIELD><FIELD utype="caom.gsc2.catalogEntity.class" ucd="meta.code.class" ID="class" name="class" datatype="int" arraysize="*"><DESCRIPTION>Object classification code</DESCRIPTION></FIELD><FIELD ucd="meta.code.status" ID="sourceStatus" name="sourceStatus" datatype="long" arraysize="*"><DESCRIPTION>Object status codes</DESCRIPTION></FIELD><FIELD unit="pixels" ucd="phys.angSize.smajAxis" ID="semiMajorAxis" name="semiMajorAxis" datatype="float" arraysize="*"><DESCRIPTION>SemiMajor diameter of object</DESCRIPTION></FIELD><FIELD unit="degree" ucd="pos.posAng" ID="positionangle" name="positionangle" datatype="float" arraysize="*"><DESCRIPTION>Position Angle (North thru East)</DESCRIPTION></FIELD><FIELD ucd="phys.size.axisRatio" ID="eccentricity" name="eccentricity" datatype="float" arraysize="*"><DESCRIPTION>Eccentricity of object</DESCRIPTION></FIELD><FIELD ucd="meta.code.status" ID="variableFlag" name="variableFlag" datatype="char" arraysize="*"><DESCRIPTION>Flag for known variable</DESCRIPTION></FIELD><FIELD ucd="meta.code.class" ID="multipleFlag" name="multipleFlag" datatype="char" arraysize="*"><DESCRIPTION>Flag for known multiple</DESCRIPTION></FIELD><FIELD unit="arcsec" ucd="pos.angDistance" ID="distance" name="distance" datatype="float" arraysize="*"><DESCRIPTION>Distance of Object</DESCRIPTION></FIELD><DATA><TABLEDATA><TR><TD>2MJG3R5L   </TD><TD>210.802221</TD><TD>54.3489</TD><TD></TD><TD>0.11</TD><TD>0.06</TD><TD>1999.12458244546</TD><TD>99.99</TD><TD>99.99</TD><TD>99.99</TD><TD>99.99</TD><TD>99.99</TD><TD>99.99</TD><TD>99.99</TD><TD>99.99</TD><TD>13.082</TD><TD>12.484</TD><TD>11.822</TD><TD>99</TD><TD>99</TD><TD>99</TD><TD>99</TD><TD>99</TD><TD>99</TD><TD>99</TD><TD>99</TD><TD>47</TD><TD>48</TD><TD>49</TD><TD>99.99</TD><TD>99.99</TD><TD>99.99</TD><TD>99.99</TD><TD>99.99</TD><TD>99.99</TD><TD>99.99</TD><TD>99.99</TD><TD>0.08</TD><TD>0.109</TD><TD>0.053</TD><TD>4</TD><TD>77777700</TD><TD>0</TD><TD>0</TD><TD>0</TD><TD>0</TD><TD>0</TD><TD>0.0034040835215751</TD></TR><TR><TD>2MJG3R5M   </TD><TD>210.805734</TD><TD>54.348801</TD><TD></TD><TD>0.18</TD><TD>0.15</TD><TD>1999.12458244546</TD><TD>99.99</TD><TD>99.99</TD><TD>99.99</TD><TD>99.99</TD><TD>99.99</TD><TD>99.99</TD><TD>99.99</TD><TD>99.99</TD><TD>15.137</TD><TD>12.939</TD><TD>12.666</TD><TD>99</TD><TD>99</TD><TD>99</TD><TD>99</TD><TD>99</TD><TD>99</TD><TD>99</TD><TD>99</TD><TD>47</TD><TD>48</TD><TD>49</TD><TD>99.99</TD><TD>99.99</TD><TD>99.99</TD><TD>99.99</TD><TD>99.99</TD><TD>99.99</TD><TD>99.99</TD><TD>99.99</TD><TD>0.156</TD><TD>-999</TD><TD>-999</TD><TD>4</TD><TD>77777700</TD><TD>0</TD><TD>0</TD><TD>0</TD><TD>0</TD><TD>0</TD><TD>0.121573246297684</TD></TR></TABLEDATA></DATA></TABLE><INFO value="OK" name="QUERY_STATUS"></INFO></RESOURCE></VOTABLE>
# tmp$req44.fits[1]
   2 rows written to table
  48 columns defined
 240 header parameters written to table
 251 records allocated for header parameters
  48 space allocated for column descriptors
table type:  fits
