------------------------------------------------------------------
Req  3.3.3:  Users shall be able to refer to a VO Resource by the
	     'anonymous' result of a Registry query.
------------------------------------------------------------------

Process requests for all x-ray resources in our personal database. 


# Survey Ra Dec Dim Size Scale Format PixFlags URL LogicalName
rass3bb 202.4702333333333 47.19455277777778 2 "300 300" "-3.6287224658266664E-4 3.6287224658266664E-4" image/fits F http://skyview.gsfc.nasa.gov/cgi-bin/images?position=202.4702333333333%2C47.19455277777778&survey=rass3bb&pixels=300%2C300&sampler=Clip&size=0.1088616739748%2C0.1088616739748&projection=Tan&coordinates=J2000.0&return=FITS 1
rass3bb 202.4702333333333 47.19455277777778 2 "300 300" "-3.6287224658266664E-4 3.6287224658266664E-4" image/jpeg F http://skyview.gsfc.nasa.gov/cgi-bin/images?position=202.4702333333333%2C47.19455277777778&survey=rass3bb&pixels=300%2C300&sampler=Clip&size=0.1088616739748%2C0.1088616739748&projection=Tan&coordinates=J2000.0&nofits=1&quicklook=jpeg&return=jpeg 1
rass3hb 202.4702333333333 47.19455277777778 2 "300 300" "-3.6287224658266664E-4 3.6287224658266664E-4" image/fits F http://skyview.gsfc.nasa.gov/cgi-bin/images?position=202.4702333333333%2C47.19455277777778&survey=rass3hb&pixels=300%2C300&sampler=Clip&size=0.1088616739748%2C0.1088616739748&projection=Tan&coordinates=J2000.0&return=FITS 2
rass3hb 202.4702333333333 47.19455277777778 2 "300 300" "-3.6287224658266664E-4 3.6287224658266664E-4" image/jpeg F http://skyview.gsfc.nasa.gov/cgi-bin/images?position=202.4702333333333%2C47.19455277777778&survey=rass3hb&pixels=300%2C300&sampler=Clip&size=0.1088616739748%2C0.1088616739748&projection=Tan&coordinates=J2000.0&nofits=1&quicklook=jpeg&return=jpeg 2
rass3sb 202.4702333333333 47.19455277777778 2 "300 300" "-3.6287224658266664E-4 3.6287224658266664E-4" image/fits F http://skyview.gsfc.nasa.gov/cgi-bin/images?position=202.4702333333333%2C47.19455277777778&survey=rass3sb&pixels=300%2C300&sampler=Clip&size=0.1088616739748%2C0.1088616739748&projection=Tan&coordinates=J2000.0&return=FITS 3
rass3sb 202.4702333333333 47.19455277777778 2 "300 300" "-3.6287224658266664E-4 3.6287224658266664E-4" image/jpeg F http://skyview.gsfc.nasa.gov/cgi-bin/images?position=202.4702333333333%2C47.19455277777778&survey=rass3sb&pixels=300%2C300&sampler=Clip&size=0.1088616739748%2C0.1088616739748&projection=Tan&coordinates=J2000.0&nofits=1&quicklook=jpeg&return=jpeg 3
