
Logical Path:  data$usno-b.xml
# data$usno-b.xml
  65 rows written to table
  16 columns defined
 188 header parameters written to table
 215 records allocated for header parameters
  16 space allocated for column descriptors
table type:  fits

HTTP URI:  http://iraf.noao.edu/votest//usno-b.xml
# http://iraf.noao.edu/votest//usno-b.xml
  65 rows written to table
  16 columns defined
 188 header parameters written to table
 215 records allocated for header parameters
  16 space allocated for column descriptors
table type:  fits

File URI:  file:///iraf/iraf/vo/votest/data//usno-b.xml
# file:///iraf/iraf/vo/votest/data//usno-b.xml
  65 rows written to table
  16 columns defined
 188 header parameters written to table
 215 records allocated for header parameters
  16 space allocated for column descriptors
table type:  fits

File URI:  file:///localhost/iraf/iraf/vo/votest/data//usno-b.xml
# file:///localhost/iraf/iraf/vo/votest/data//usno-b.xml
  65 rows written to table
  16 columns defined
 188 header parameters written to table
 215 records allocated for header parameters
  16 space allocated for column descriptors
table type:  fits
