
Logical Path:  data$usno-b.xml
# data$usno-b.xml  B1
# nrows            mean        stddev        median           min           max
   65       6.770615385       9.58356            0.            0.         20.84

HTTP URI:  http://iraf.noao.edu/votest//usno-b.xml
# http://iraf.noao.edu/votest//usno-b.xml  B1
# nrows            mean        stddev        median           min           max
   65       6.770615385       9.58356            0.            0.         20.84

File URI:  file:///iraf/iraf/vo/votest/data//usno-b.xml
# file:///iraf/iraf/vo/votest/data//usno-b.xml  B1
# nrows            mean        stddev        median           min           max
   65       6.770615385       9.58356            0.            0.         20.84

File URI:  file:///localhost/iraf/iraf/vo/votest/data//usno-b.xml
# file:///localhost/iraf/iraf/vo/votest/data//usno-b.xml  B1
# nrows            mean        stddev        median           min           max
   65       6.770615385       9.58356            0.            0.         20.84
