
Logical Path:  data$usno-b.xml
# data$usno-b.xml
id               CH*13       %-13s ""              
RA               D         %25.16g deg             
DEC              D         %25.16g deg             
sRa              I            %11d mas             
sDec             I            %11d mas             
sRaEp            I            %11d mas             
sDeEp            I            %11d mas             
MuRA             D         %25.16g mas/yr          
MuDEC            D         %25.16g mas/yr          
sMuRA            D         %25.16g mas/yr          
sMuDE            D         %25.16g mas/yr          
B1               D         %25.16g mag             
R1               D         %25.16g mag             
B2               D         %25.16g mag             
R2               D         %25.16g mag             
I2               D         %25.16g mag             

HTTP URI:  http://iraf.noao.edu/votest//usno-b.xml
# http://iraf.noao.edu/votest//usno-b.xml
id               CH*13       %-13s ""              
RA               D         %25.16g deg             
DEC              D         %25.16g deg             
sRa              I            %11d mas             
sDec             I            %11d mas             
sRaEp            I            %11d mas             
sDeEp            I            %11d mas             
MuRA             D         %25.16g mas/yr          
MuDEC            D         %25.16g mas/yr          
sMuRA            D         %25.16g mas/yr          
sMuDE            D         %25.16g mas/yr          
B1               D         %25.16g mag             
R1               D         %25.16g mag             
B2               D         %25.16g mag             
R2               D         %25.16g mag             
I2               D         %25.16g mag             

File URI:  file:///iraf/iraf/vo/votest/data//usno-b.xml
# file:///iraf/iraf/vo/votest/data//usno-b.xml
id               CH*13       %-13s ""              
RA               D         %25.16g deg             
DEC              D         %25.16g deg             
sRa              I            %11d mas             
sDec             I            %11d mas             
sRaEp            I            %11d mas             
sDeEp            I            %11d mas             
MuRA             D         %25.16g mas/yr          
MuDEC            D         %25.16g mas/yr          
sMuRA            D         %25.16g mas/yr          
sMuDE            D         %25.16g mas/yr          
B1               D         %25.16g mag             
R1               D         %25.16g mag             
B2               D         %25.16g mag             
R2               D         %25.16g mag             
I2               D         %25.16g mag             

File URI:  file:///localhost/iraf/iraf/vo/votest/data//usno-b.xml
# file:///localhost/iraf/iraf/vo/votest/data//usno-b.xml
id               CH*13       %-13s ""              
RA               D         %25.16g deg             
DEC              D         %25.16g deg             
sRa              I            %11d mas             
sDec             I            %11d mas             
sRaEp            I            %11d mas             
sDeEp            I            %11d mas             
MuRA             D         %25.16g mas/yr          
MuDEC            D         %25.16g mas/yr          
sMuRA            D         %25.16g mas/yr          
sMuDE            D         %25.16g mas/yr          
B1               D         %25.16g mag             
R1               D         %25.16g mag             
B2               D         %25.16g mag             
R2               D         %25.16g mag             
I2               D         %25.16g mag             
