------------------------------------------------------------------
Req  2.1:  Users shall be able to send messages to specific
           clients or broadcast to all available clients.
------------------------------------------------------------------



ok
ok
ok
ok
ok
ok
ok
ok
Stopping Topcat ...
off
