------------------------------------------------------------------
Req  2:  Users shall be able to interoperate with other SAMP
         (or WebSAMP) enabled applications.
------------------------------------------------------------------
Demonstration of the general use of SAMP is accomplished via the
specific SAMP test scripts.


