------------------------------------------------------------------
Req  2.2:  Users shall be able to execute IRAF tasks and set or
           retrieve information in/from the IRAF environment via
           SAMP messaging from clients that implement the required
           message types.
------------------------------------------------------------------



Result = 
Parameter = 
ERROR: segmentation violation
